// Jest Snapshot v1, https://goo.gl/fbAQLP

exports[`Header.vue contains navbar menu element  renders Header component when mounted 1`] = `
<section
  id="header"
  items="[object Object],[object Object],[object Object]"
>
  <div
    class="contact-us"
  >
    <a
      href="#"
    >
      OUR COVID-19 RESPONSE
    </a>
  </div>
   
  <div
    class="container px-0"
  >
    <nav
      class="navbar navbar-expand-lg navbar-light px-0 py-3"
    >
      <a
        class="navbar-brand"
        href="#"
      >
        <img
          alt="Logo"
          class="img-responsive"
          src="../../assets/images/logo.svg"
        />
      </a>
       
      <button
        aria-controls="navbarSupportedContent"
        aria-expanded="false"
        aria-label="Toggle navigation"
        class="navbar-toggler"
        data-target="#navbarSupportedContent"
        data-toggle="collapse"
        type="button"
      >
        <span
          class="navbar-toggler-icon"
        />
      </button>
       
      <div
        class="collapse navbar-collapse justify-content-end"
        id="navbarSupportedContent"
      >
        <ul
          class="navbar-nav mx-auto"
        >
          <li
            class="nav-item list-items"
          >
            <a
              class="nav-link sales"
              href="#"
            >
              Why Saleswhale?
            </a>
          </li>
          <li
            class="nav-item list-items"
          >
            <a
              class="nav-link product"
              href="#"
            >
              Product
            </a>
          </li>
          <li
            class="nav-item list-items"
          >
            <a
              class="nav-link company"
              href="#"
            >
              Company
            </a>
          </li>
        </ul>
         
        <ul
          class="navbar-nav navbar-nav-mobile"
        >
          <li
            class="nav-item"
          >
            <a
              class="nav-link nav-link-w-100 btn btn-outline-primary login-btn"
              href="#"
            >
              
              Login
            
            </a>
          </li>
           
          <li
            class="nav-item active"
          >
            <a
              class="nav-link nav-link-w-100 btn btn-primary ml-3 text-white mobile-margin-0 get-demo-btn"
              href="#"
            >
              
              Get a Demo
            
            </a>
          </li>
        </ul>
      </div>
    </nav>
     
    <div
      class="row mt-5 mobile-padding-0-2 mobile-mt-5"
    >
      <div
        class="col-lg-12"
      >
        <img
          alt="Header bg"
          class="w-100 desktop-only"
          src="../../assets/images/banner-version.svg"
        />
         
        <img
          alt="Header bg"
          class="w-100 mobile-only"
          src="../../assets/images/mobile-banner-version.svg"
        />
      </div>
       
      <div
        class="col-12 col-md-6 col-lg-6 mt-5 mobile-mt-4"
      >
        <h1
          class="wow-h1 animated fadeInUp"
        >
          A future where AI and humans work hand in hand
        </h1>
      </div>
       
      <div
        class="col-12 col-md-6 col-lg-6 mt-5 px-0 mobile-mt-4"
      >
        <p
          class="wow-p p1 animated fadeInUp"
        >
          At Saleswhale, we believe that the future of work is Collaborative Intelligence - where machines and AI help humans fulfil their highest potential by automating drudgery and producing for more effective results.
        </p>
         
        <p
          class="wow-p p2 animated fadeInUp"
        >
          AI assistants help to automate repetitive and mundane tasks so that us humans focus on creative, high-impact work that creates value and inspires. The result? Happier and more productive teams doing meaningful work.
        </p>
         
        <p
          class="wow-p p3 animated fadeInUp"
        >
          Our mission is to put an AI assistant in every company that could greatly benefit from it, and we're starting off strong addressing this need in marketing and sales teams all across the world.
        </p>
         
        <p
          class="wow-p p4 animated fadeInUp"
        >
          The future is where AI and humans work hand in hand, and weâ€™re here to help businesses benefit from that.
        </p>
      </div>
    </div>
  </div>
</section>
`;
